Apache Maven 3.9.10 (5f519b97e944483d878815739f519b2eade0a91d)
Maven home: C:\Program Files\apache-maven-3.9.10
Java version: 24.0.1, vendor: Oracle Corporation, runtime: C:\Program Files\Java\jdk-24
Default locale: en_US, platform encoding: UTF-8
OS name: "windows 11", version: "10.0", arch: "amd64", family: "windows"
[DEBUG] Created new class realm maven.api
[DEBUG] Importing foreign packages into class realm maven.api
[DEBUG]   Imported: javax.annotation.* < plexus.core
[DEBUG]   Imported: javax.annotation.security.* < plexus.core
[DEBUG]   Imported: javax.inject.* < plexus.core
[DEBUG]   Imported: org.apache.maven.* < plexus.core
[DEBUG]   Imported: org.apache.maven.artifact < plexus.core
[DEBUG]   Imported: org.apache.maven.classrealm < plexus.core
[DEBUG]   Imported: org.apache.maven.cli < plexus.core
[DEBUG]   Imported: org.apache.maven.configuration < plexus.core
[DEBUG]   Imported: org.apache.maven.exception < plexus.core
[DEBUG]   Imported: org.apache.maven.execution < plexus.core
[DEBUG]   Imported: org.apache.maven.execution.scope < plexus.core
[DEBUG]   Imported: org.apache.maven.graph < plexus.core
[DEBUG]   Imported: org.apache.maven.lifecycle < plexus.core
[DEBUG]   Imported: org.apache.maven.model < plexus.core
[DEBUG]   Imported: org.apache.maven.monitor < plexus.core
[DEBUG]   Imported: org.apache.maven.plugin < plexus.core
[DEBUG]   Imported: org.apache.maven.profiles < plexus.core
[DEBUG]   Imported: org.apache.maven.project < plexus.core
[DEBUG]   Imported: org.apache.maven.reporting < plexus.core
[DEBUG]   Imported: org.apache.maven.repository < plexus.core
[DEBUG]   Imported: org.apache.maven.rtinfo < plexus.core
[DEBUG]   Imported: org.apache.maven.settings < plexus.core
[DEBUG]   Imported: org.apache.maven.toolchain < plexus.core
[DEBUG]   Imported: org.apache.maven.usability < plexus.core
[DEBUG]   Imported: org.apache.maven.wagon.* < plexus.core
[DEBUG]   Imported: org.apache.maven.wagon.authentication < plexus.core
[DEBUG]   Imported: org.apache.maven.wagon.authorization < plexus.core
[DEBUG]   Imported: org.apache.maven.wagon.events < plexus.core
[DEBUG]   Imported: org.apache.maven.wagon.observers < plexus.core
[DEBUG]   Imported: org.apache.maven.wagon.proxy < plexus.core
[DEBUG]   Imported: org.apache.maven.wagon.repository < plexus.core
[DEBUG]   Imported: org.apache.maven.wagon.resource < plexus.core
[DEBUG]   Imported: org.codehaus.classworlds < plexus.core
[DEBUG]   Imported: org.codehaus.plexus.* < plexus.core
[DEBUG]   Imported: org.codehaus.plexus.classworlds < plexus.core
[DEBUG]   Imported: org.codehaus.plexus.component < plexus.core
[DEBUG]   Imported: org.codehaus.plexus.configuration < plexus.core
[DEBUG]   Imported: org.codehaus.plexus.container < plexus.core
[DEBUG]   Imported: org.codehaus.plexus.context < plexus.core
[DEBUG]   Imported: org.codehaus.plexus.lifecycle < plexus.core
[DEBUG]   Imported: org.codehaus.plexus.logging < plexus.core
[DEBUG]   Imported: org.codehaus.plexus.personality < plexus.core
[DEBUG]   Imported: org.codehaus.plexus.util.xml.Xpp3Dom < plexus.core
[DEBUG]   Imported: org.codehaus.plexus.util.xml.pull.XmlPullParser < plexus.core
[DEBUG]   Imported: org.codehaus.plexus.util.xml.pull.XmlPullParserException < plexus.core
[DEBUG]   Imported: org.codehaus.plexus.util.xml.pull.XmlSerializer < plexus.core
[DEBUG]   Imported: org.eclipse.aether.* < plexus.core
[DEBUG]   Imported: org.eclipse.aether.artifact < plexus.core
[DEBUG]   Imported: org.eclipse.aether.collection < plexus.core
[DEBUG]   Imported: org.eclipse.aether.deployment < plexus.core
[DEBUG]   Imported: org.eclipse.aether.graph < plexus.core
[DEBUG]   Imported: org.eclipse.aether.impl < plexus.core
[DEBUG]   Imported: org.eclipse.aether.installation < plexus.core
[DEBUG]   Imported: org.eclipse.aether.internal.impl < plexus.core
[DEBUG]   Imported: org.eclipse.aether.metadata < plexus.core
[DEBUG]   Imported: org.eclipse.aether.repository < plexus.core
[DEBUG]   Imported: org.eclipse.aether.resolution < plexus.core
[DEBUG]   Imported: org.eclipse.aether.spi < plexus.core
[DEBUG]   Imported: org.eclipse.aether.transfer < plexus.core
[DEBUG]   Imported: org.eclipse.aether.util < plexus.core
[DEBUG]   Imported: org.eclipse.aether.version < plexus.core
[DEBUG]   Imported: org.fusesource.jansi.* < plexus.core
[DEBUG]   Imported: org.slf4j.* < plexus.core
[DEBUG]   Imported: org.slf4j.event.* < plexus.core
[DEBUG]   Imported: org.slf4j.helpers.* < plexus.core
[DEBUG]   Imported: org.slf4j.spi.* < plexus.core
[DEBUG] Populating class realm maven.api
[DEBUG] Created adapter factory; available factories [file-lock, rwlock-local, semaphore-local, noop]; available name mappers [discriminating, file-gav, file-hgav, file-static, gav, static]
[INFO] Error stacktraces are turned on.
[DEBUG] Message scheme: color
[DEBUG] Message styles: debug info warning error success failure strong mojo project
[DEBUG] Reading global settings from C:\Program Files\apache-maven-3.9.10\conf\settings.xml
[DEBUG] Reading user settings from C:\Users\Janiya.Garner\.m2\settings.xml
[DEBUG] Reading global toolchains from C:\Program Files\apache-maven-3.9.10\conf\toolchains.xml
[DEBUG] Reading user toolchains from C:\Users\Janiya.Garner\.m2\toolchains.xml
[DEBUG] Using local repository at C:\Users\Janiya.Garner\.m2\repository
[DEBUG] Using manager EnhancedLocalRepositoryManager with priority 10.0 for C:\Users\Janiya.Garner\.m2\repository
[INFO] Scanning for projects...
[DEBUG] Extension realms for project com.t4:t4-api-client:jar:1.0-SNAPSHOT: (none)
[DEBUG] Looking up lifecycle mappings for packaging jar from ClassRealm[plexus.core, parent: null]
[DEBUG] === REACTOR BUILD PLAN ================================================
[DEBUG] Project: com.t4:t4-api-client:jar:1.0-SNAPSHOT
[DEBUG] Tasks:   [clean, compile]
[DEBUG] Style:   Regular
[DEBUG] =======================================================================
[INFO] 
[INFO] ------------------------< com.t4:t4-api-client >------------------------
[INFO] Building t4-api-client 1.0-SNAPSHOT
[INFO]   from pom.xml
[INFO] --------------------------------[ jar ]---------------------------------
[DEBUG] Lifecycle clean -> [pre-clean, clean, post-clean]
[DEBUG] Lifecycle default -> [validate, initialize, generate-sources, process-sources, generate-resources, process-resources, compile, process-classes, generate-test-sources, process-test-sources, generate-test-resources, process-test-resources, test-compile, process-test-classes, test, prepare-package, package, pre-integration-test, integration-test, post-integration-test, verify, install, deploy]
[DEBUG] Lifecycle site -> [pre-site, site, post-site, site-deploy]
[DEBUG] Lifecycle clean -> [pre-clean, clean, post-clean]
[DEBUG] Lifecycle default -> [validate, initialize, generate-sources, process-sources, generate-resources, process-resources, compile, process-classes, generate-test-sources, process-test-sources, generate-test-resources, process-test-resources, test-compile, process-test-classes, test, prepare-package, package, pre-integration-test, integration-test, post-integration-test, verify, install, deploy]
[DEBUG] Lifecycle site -> [pre-site, site, post-site, site-deploy]
[DEBUG] Creating adapter using nameMapper 'gav' and factory 'rwlock-local'
[DEBUG] Lifecycle clean -> [pre-clean, clean, post-clean]
[DEBUG] Lifecycle default -> [validate, initialize, generate-sources, process-sources, generate-resources, process-resources, compile, process-classes, generate-test-sources, process-test-sources, generate-test-resources, process-test-resources, test-compile, process-test-classes, test, prepare-package, package, pre-integration-test, integration-test, post-integration-test, verify, install, deploy]
[DEBUG] Lifecycle site -> [pre-site, site, post-site, site-deploy]
[DEBUG] Lifecycle clean -> [pre-clean, clean, post-clean]
[DEBUG] Lifecycle default -> [validate, initialize, generate-sources, process-sources, generate-resources, process-resources, compile, process-classes, generate-test-sources, process-test-sources, generate-test-resources, process-test-resources, test-compile, process-test-classes, test, prepare-package, package, pre-integration-test, integration-test, post-integration-test, verify, install, deploy]
[DEBUG] Lifecycle site -> [pre-site, site, post-site, site-deploy]
[DEBUG] Lifecycle clean -> [pre-clean, clean, post-clean]
[DEBUG] Lifecycle default -> [validate, initialize, generate-sources, process-sources, generate-resources, process-resources, compile, process-classes, generate-test-sources, process-test-sources, generate-test-resources, process-test-resources, test-compile, process-test-classes, test, prepare-package, package, pre-integration-test, integration-test, post-integration-test, verify, install, deploy]
[DEBUG] Lifecycle site -> [pre-site, site, post-site, site-deploy]
[DEBUG] === PROJECT BUILD PLAN ================================================
[DEBUG] Project:       com.t4:t4-api-client:1.0-SNAPSHOT
[DEBUG] Dependencies (collect): []
[DEBUG] Dependencies (resolve): [compile]
[DEBUG] Repositories (dependencies): [central (https://repo.maven.apache.org/maven2, default, releases)]
[DEBUG] Repositories (plugins)     : [central (https://repo.maven.apache.org/maven2, default, releases)]
[DEBUG] -----------------------------------------------------------------------
[DEBUG] Goal:          org.apache.maven.plugins:maven-clean-plugin:3.2.0:clean (default-clean)
[DEBUG] Style:         Regular
[DEBUG] Configuration: <?xml version="1.0" encoding="UTF-8"?>
<configuration>
  <directory default-value="${project.build.directory}"/>
  <excludeDefaultDirectories default-value="false">${maven.clean.excludeDefaultDirectories}</excludeDefaultDirectories>
  <failOnError default-value="true">${maven.clean.failOnError}</failOnError>
  <fast default-value="false">${maven.clean.fast}</fast>
  <fastDir>${maven.clean.fastDir}</fastDir>
  <fastMode default-value="background">${maven.clean.fastMode}</fastMode>
  <followSymLinks default-value="false">${maven.clean.followSymLinks}</followSymLinks>
  <outputDirectory default-value="${project.build.outputDirectory}"/>
  <reportDirectory default-value="${project.build.outputDirectory}"/>
  <retryOnError default-value="true">${maven.clean.retryOnError}</retryOnError>
  <session default-value="${session}"/>
  <skip default-value="false">${maven.clean.skip}</skip>
  <testOutputDirectory default-value="${project.build.testOutputDirectory}"/>
  <verbose>${maven.clean.verbose}</verbose>
</configuration>
[DEBUG] -----------------------------------------------------------------------
[DEBUG] Goal:          org.apache.maven.plugins:maven-resources-plugin:3.3.1:resources (default-resources)
[DEBUG] Style:         Regular
[DEBUG] Configuration: <?xml version="1.0" encoding="UTF-8"?>
<configuration>
  <addDefaultExcludes default-value="true"/>
  <buildFilters default-value="${project.build.filters}"/>
  <encoding default-value="${project.build.sourceEncoding}"/>
  <escapeWindowsPaths default-value="true"/>
  <fileNameFiltering default-value="false"/>
  <includeEmptyDirs default-value="false"/>
  <outputDirectory default-value="${project.build.outputDirectory}"/>
  <overwrite default-value="false"/>
  <project default-value="${project}"/>
  <resources default-value="${project.resources}"/>
  <session default-value="${session}"/>
  <skip default-value="false">${maven.resources.skip}</skip>
  <supportMultiLineFiltering default-value="false"/>
  <useBuildFilters default-value="true"/>
  <useDefaultDelimiters default-value="true"/>
</configuration>
[DEBUG] -----------------------------------------------------------------------
[DEBUG] Goal:          org.apache.maven.plugins:maven-compiler-plugin:3.13.0:compile (default-compile)
[DEBUG] Style:         Regular
[DEBUG] Configuration: <?xml version="1.0" encoding="UTF-8"?>
<configuration>
  <annotationProcessorPathsUseDepMgmt default-value="false"/>
  <basedir default-value="${basedir}"/>
  <buildDirectory default-value="${project.build.directory}"/>
  <compilePath default-value="${project.compileClasspathElements}"/>
  <compileSourceRoots default-value="${project.compileSourceRoots}"/>
  <compilerId default-value="javac">${maven.compiler.compilerId}</compilerId>
  <compilerReuseStrategy default-value="${reuseCreated}">${maven.compiler.compilerReuseStrategy}</compilerReuseStrategy>
  <compilerVersion>${maven.compiler.compilerVersion}</compilerVersion>
  <createMissingPackageInfoClass default-value="true">${maven.compiler.createMissingPackageInfoClass}</createMissingPackageInfoClass>
  <debug default-value="true">${maven.compiler.debug}</debug>
  <debugFileName default-value="javac"/>
  <debuglevel>${maven.compiler.debuglevel}</debuglevel>
  <enablePreview default-value="false">${maven.compiler.enablePreview}</enablePreview>
  <encoding default-value="${project.build.sourceEncoding}">${encoding}</encoding>
  <executable>${maven.compiler.executable}</executable>
  <failOnError default-value="true">${maven.compiler.failOnError}</failOnError>
  <failOnWarning default-value="false">${maven.compiler.failOnWarning}</failOnWarning>
  <fileExtensions default-value="class,jar"/>
  <forceJavacCompilerUse default-value="false">${maven.compiler.forceJavacCompilerUse}</forceJavacCompilerUse>
  <forceLegacyJavacApi default-value="false">${maven.compiler.forceLegacyJavacApi}</forceLegacyJavacApi>
  <fork default-value="false">${maven.compiler.fork}</fork>
  <generatedSourcesDirectory default-value="${project.build.directory}/generated-sources/annotations"/>
  <implicit>${maven.compiler.implicit}</implicit>
  <maxmem>${maven.compiler.maxmem}</maxmem>
  <meminitial>${maven.compiler.meminitial}</meminitial>
  <mojoExecution default-value="${mojoExecution}"/>
  <optimize default-value="false">${maven.compiler.optimize}</optimize>
  <outputDirectory default-value="${project.build.outputDirectory}">${maven.compiler.outputDirectory}</outputDirectory>
  <outputTimestamp default-value="${project.build.outputTimestamp}"/>
  <parameters default-value="false">${maven.compiler.parameters}</parameters>
  <proc>${maven.compiler.proc}</proc>
  <project default-value="${project}"/>
  <projectArtifact default-value="${project.artifact}"/>
  <release>${maven.compiler.release}</release>
  <session default-value="${session}"/>
  <showCompilationChanges default-value="false">${maven.compiler.showCompilationChanges}</showCompilationChanges>
  <showDeprecation default-value="false">${maven.compiler.showDeprecation}</showDeprecation>
  <showWarnings default-value="true">${maven.compiler.showWarnings}</showWarnings>
  <skipMain>${maven.main.skip}</skipMain>
  <skipMultiThreadWarning default-value="false">${maven.compiler.skipMultiThreadWarning}</skipMultiThreadWarning>
  <source default-value="1.8">${maven.compiler.source}</source>
  <staleMillis default-value="0">${lastModGranularityMs}</staleMillis>
  <target default-value="1.8">${maven.compiler.target}</target>
  <useIncrementalCompilation default-value="true">${maven.compiler.useIncrementalCompilation}</useIncrementalCompilation>
  <verbose default-value="false">${maven.compiler.verbose}</verbose>
</configuration>
[DEBUG] =======================================================================
[DEBUG] Dependency collection stats {ConflictMarker.analyzeTime=297300, ConflictMarker.markTime=34500, ConflictMarker.nodeCount=4, ConflictIdSorter.graphTime=136100, ConflictIdSorter.topsortTime=116500, ConflictIdSorter.conflictIdCount=3, ConflictIdSorter.conflictIdCycleCount=0, ConflictResolver.totalTime=1769900, ConflictResolver.conflictItemCount=3, DfDependencyCollector.collectTime=23746400, DfDependencyCollector.transformTime=3179300}
[DEBUG] com.t4:t4-api-client:jar:1.0-SNAPSHOT
[DEBUG]    javax.websocket:javax.websocket-api:jar:1.1:compile
[DEBUG]    org.glassfish.tyrus.bundles:tyrus-standalone-client:jar:1.17:compile
[DEBUG]    com.google.protobuf:protobuf-java:jar:3.25.1:compile
[INFO] 
[INFO] --- clean:3.2.0:clean (default-clean) @ t4-api-client ---
[DEBUG] Dependency collection stats {ConflictMarker.analyzeTime=10600, ConflictMarker.markTime=22700, ConflictMarker.nodeCount=3, ConflictIdSorter.graphTime=9700, ConflictIdSorter.topsortTime=6300, ConflictIdSorter.conflictIdCount=3, ConflictIdSorter.conflictIdCycleCount=0, ConflictResolver.totalTime=68000, ConflictResolver.conflictItemCount=3, DfDependencyCollector.collectTime=23836000, DfDependencyCollector.transformTime=127400}
[DEBUG] org.apache.maven.plugins:maven-clean-plugin:jar:3.2.0
[DEBUG]    org.apache.maven.shared:maven-shared-utils:jar:3.3.4:compile
[DEBUG]       commons-io:commons-io:jar:2.6:compile
[DEBUG] Created new class realm plugin>org.apache.maven.plugins:maven-clean-plugin:3.2.0
[DEBUG] Importing foreign packages into class realm plugin>org.apache.maven.plugins:maven-clean-plugin:3.2.0
[DEBUG]   Imported:  < maven.api
[DEBUG] Populating class realm plugin>org.apache.maven.plugins:maven-clean-plugin:3.2.0
[DEBUG]   Included: org.apache.maven.plugins:maven-clean-plugin:jar:3.2.0
[DEBUG]   Included: org.apache.maven.shared:maven-shared-utils:jar:3.3.4
[DEBUG]   Included: commons-io:commons-io:jar:2.6
[DEBUG] Loading mojo org.apache.maven.plugins:maven-clean-plugin:3.2.0:clean from plugin realm ClassRealm[plugin>org.apache.maven.plugins:maven-clean-plugin:3.2.0, parent: jdk.internal.loader.ClassLoaders$AppClassLoader@1affbebc]
[DEBUG] Configuring mojo execution 'org.apache.maven.plugins:maven-clean-plugin:3.2.0:clean:default-clean' with basic configurator -->
[DEBUG]   (f) directory = C:\Users\Janiya.Garner\Work\t4-api-tools\target
[DEBUG]   (f) excludeDefaultDirectories = false
[DEBUG]   (f) failOnError = true
[DEBUG]   (f) fast = false
[DEBUG]   (f) fastMode = background
[DEBUG]   (f) followSymLinks = false
[DEBUG]   (f) outputDirectory = C:\Users\Janiya.Garner\Work\t4-api-tools\target\classes
[DEBUG]   (f) reportDirectory = C:\Users\Janiya.Garner\Work\t4-api-tools\target\classes
[DEBUG]   (f) retryOnError = true
[DEBUG]   (f) session = org.apache.maven.execution.MavenSession@5fac521d
[DEBUG]   (f) skip = false
[DEBUG]   (f) testOutputDirectory = C:\Users\Janiya.Garner\Work\t4-api-tools\target\test-classes
[DEBUG] -- end configuration --
[INFO] Deleting C:\Users\Janiya.Garner\Work\t4-api-tools\target
[INFO] Deleting file C:\Users\Janiya.Garner\Work\t4-api-tools\target\maven-status\maven-compiler-plugin\compile\default-compile\inputFiles.lst
[INFO] Deleting file C:\Users\Janiya.Garner\Work\t4-api-tools\target\maven-status\maven-compiler-plugin\compile\default-compile\createdFiles.lst
[INFO] Deleting directory C:\Users\Janiya.Garner\Work\t4-api-tools\target\maven-status\maven-compiler-plugin\compile\default-compile
[INFO] Deleting directory C:\Users\Janiya.Garner\Work\t4-api-tools\target\maven-status\maven-compiler-plugin\compile
[INFO] Deleting directory C:\Users\Janiya.Garner\Work\t4-api-tools\target\maven-status\maven-compiler-plugin
[INFO] Deleting directory C:\Users\Janiya.Garner\Work\t4-api-tools\target\maven-status
[INFO] Deleting directory C:\Users\Janiya.Garner\Work\t4-api-tools\target\generated-sources\annotations
[INFO] Deleting directory C:\Users\Janiya.Garner\Work\t4-api-tools\target\generated-sources
[INFO] Deleting directory C:\Users\Janiya.Garner\Work\t4-api-tools\target\classes
[INFO] Deleting directory C:\Users\Janiya.Garner\Work\t4-api-tools\target
[DEBUG] Skipping non-existing directory C:\Users\Janiya.Garner\Work\t4-api-tools\target\classes
[DEBUG] Skipping non-existing directory C:\Users\Janiya.Garner\Work\t4-api-tools\target\test-classes
[DEBUG] Skipping non-existing directory C:\Users\Janiya.Garner\Work\t4-api-tools\target\classes
[INFO] 
[INFO] --- resources:3.3.1:resources (default-resources) @ t4-api-client ---
[DEBUG] Dependency collection stats {ConflictMarker.analyzeTime=116300, ConflictMarker.markTime=85500, ConflictMarker.nodeCount=13, ConflictIdSorter.graphTime=38900, ConflictIdSorter.topsortTime=13200, ConflictIdSorter.conflictIdCount=9, ConflictIdSorter.conflictIdCycleCount=0, ConflictResolver.totalTime=310500, ConflictResolver.conflictItemCount=13, DfDependencyCollector.collectTime=50159000, DfDependencyCollector.transformTime=580700}
[DEBUG] org.apache.maven.plugins:maven-resources-plugin:jar:3.3.1
[DEBUG]    org.codehaus.plexus:plexus-interpolation:jar:1.26:runtime
[DEBUG]    org.codehaus.plexus:plexus-utils:jar:3.5.1:compile
[DEBUG]    org.apache.maven.shared:maven-filtering:jar:3.3.1:compile
[DEBUG]       javax.inject:javax.inject:jar:1:compile
[DEBUG]       org.slf4j:slf4j-api:jar:1.7.36:compile
[DEBUG]       org.sonatype.plexus:plexus-build-api:jar:0.0.7:compile
[DEBUG]    commons-io:commons-io:jar:2.11.0:compile
[DEBUG]    org.apache.commons:commons-lang3:jar:3.12.0:compile
[DEBUG] Created new class realm plugin>org.apache.maven.plugins:maven-resources-plugin:3.3.1
[DEBUG] Importing foreign packages into class realm plugin>org.apache.maven.plugins:maven-resources-plugin:3.3.1
[DEBUG]   Imported:  < maven.api
[DEBUG] Populating class realm plugin>org.apache.maven.plugins:maven-resources-plugin:3.3.1
[DEBUG]   Included: org.apache.maven.plugins:maven-resources-plugin:jar:3.3.1
[DEBUG]   Included: org.codehaus.plexus:plexus-interpolation:jar:1.26
[DEBUG]   Included: org.codehaus.plexus:plexus-utils:jar:3.5.1
[DEBUG]   Included: org.apache.maven.shared:maven-filtering:jar:3.3.1
[DEBUG]   Included: org.sonatype.plexus:plexus-build-api:jar:0.0.7
[DEBUG]   Included: commons-io:commons-io:jar:2.11.0
[DEBUG]   Included: org.apache.commons:commons-lang3:jar:3.12.0
[DEBUG] Loading mojo org.apache.maven.plugins:maven-resources-plugin:3.3.1:resources from plugin realm ClassRealm[plugin>org.apache.maven.plugins:maven-resources-plugin:3.3.1, parent: jdk.internal.loader.ClassLoaders$AppClassLoader@1affbebc]
[DEBUG] Configuring mojo execution 'org.apache.maven.plugins:maven-resources-plugin:3.3.1:resources:default-resources' with basic configurator -->
[DEBUG]   (f) addDefaultExcludes = true
[DEBUG]   (f) buildFilters = []
[DEBUG]   (f) encoding = UTF-8
[DEBUG]   (f) escapeWindowsPaths = true
[DEBUG]   (f) fileNameFiltering = false
[DEBUG]   (s) includeEmptyDirs = false
[DEBUG]   (s) outputDirectory = C:\Users\Janiya.Garner\Work\t4-api-tools\target\classes
[DEBUG]   (s) overwrite = false
[DEBUG]   (f) project = MavenProject: com.t4:t4-api-client:1.0-SNAPSHOT @ C:\Users\Janiya.Garner\Work\t4-api-tools\pom.xml
[DEBUG]   (s) resources = [Resource {targetPath: null, filtering: false, FileSet {directory: C:\Users\Janiya.Garner\Work\t4-api-tools\src\main\resources, PatternSet [includes: {}, excludes: {}]}}]
[DEBUG]   (f) session = org.apache.maven.execution.MavenSession@5fac521d
[DEBUG]   (f) skip = false
[DEBUG]   (f) supportMultiLineFiltering = false
[DEBUG]   (f) useBuildFilters = true
[DEBUG]   (s) useDefaultDelimiters = true
[DEBUG] -- end configuration --
[DEBUG] properties used:
[DEBUG] classworlds.conf: C:\Program Files\apache-maven-3.9.10\bin\m2.conf
[DEBUG] env.=C:: C:\Users\Janiya.Garner\Work\t4-api-tools
[DEBUG] env.=EXITCODE: 00000000
[DEBUG] env.ALLUSERSPROFILE: C:\ProgramData
[DEBUG] env.APPDATA: C:\Users\Janiya.Garner\AppData\Roaming
[DEBUG] env.CHOCOLATEYINSTALL: C:\ProgramData\chocolatey
[DEBUG] env.CHROME_CRASHPAD_PIPE_NAME: \\.\pipe\crashpad_9940_NMKOXIRSADSYKRKS
[DEBUG] env.CLASSWORLDS_JAR: "C:\Program Files\apache-maven-3.9.10\boot\plexus-classworlds-2.9.0.jar"
[DEBUG] env.CLASSWORLDS_LAUNCHER: org.codehaus.plexus.classworlds.launcher.Launcher
[DEBUG] env.COLORTERM: truecolor
[DEBUG] env.COMMONPROGRAMFILES: C:\Program Files\Common Files
[DEBUG] env.COMMONPROGRAMFILES(X86): C:\Program Files (x86)\Common Files
[DEBUG] env.COMMONPROGRAMW6432: C:\Program Files\Common Files
[DEBUG] env.COMPUTERNAME: PLUSCC39-LEN
[DEBUG] env.COMSPEC: C:\Windows\system32\cmd.exe
[DEBUG] env.DRIVERDATA: C:\Windows\System32\Drivers\DriverData
[DEBUG] env.EFC_6280_1262719628: 1
[DEBUG] env.EFC_6280_1592913036: 1
[DEBUG] env.EFC_6280_2283032206: 1
[DEBUG] env.EFC_6280_2775293581: 1
[DEBUG] env.EFC_6280_3789132940: 1
[DEBUG] env.ERROR_CODE: 0
[DEBUG] env.EXEC_DIR: C:\Users\Janiya.Garner\Work\t4-api-tools
[DEBUG] env.GIT_ASKPASS: c:\Users\Janiya.Garner\AppData\Local\Programs\Microsoft VS Code\resources\app\extensions\git\dist\askpass.sh
[DEBUG] env.HOMEDRIVE: C:
[DEBUG] env.HOMEPATH: \Users\Janiya.Garner
[DEBUG] env.JAVACMD: C:\Program Files\Common Files\Oracle\Java\javapath\java.exe
[DEBUG] env.JVMCONFIG: \.mvn\jvm.config
[DEBUG] env.LANG: en_US.UTF-8
[DEBUG] env.LOCALAPPDATA: C:\Users\Janiya.Garner\AppData\Local
[DEBUG] env.LOGONSERVER: \\PLUSCC39-LEN
[DEBUG] env.MAVEN_CMD_LINE_ARGS: -X clean compile
[DEBUG] env.MAVEN_HOME: C:\Program Files\apache-maven-3.9.10
[DEBUG] env.MAVEN_OPTS: --enable-native-access=ALL-UNNAMED 
[DEBUG] env.MAVEN_PROJECTBASEDIR: C:\Users\Janiya.Garner\Work\t4-api-tools
[DEBUG] env.NUMBER_OF_PROCESSORS: 28
[DEBUG] env.ONEDRIVE: C:\Users\Janiya.Garner\OneDrive
[DEBUG] env.ORIGINAL_XDG_CURRENT_DESKTOP: undefined
[DEBUG] env.OS: Windows_NT
[DEBUG] env.PATH: C:\Program Files\Common Files\Oracle\Java\javapath;C:\Windows\system32;C:\Windows;C:\Windows\System32\Wbem;C:\Windows\System32\WindowsPowerShell\v1.0\;C:\Windows\System32\OpenSSH\;C:\ProgramData\chocolatey\bin;C:\Program Files\GitHub CLI\;C:\Program Files\dotnet\;C:\Users\Janiya.Garner\AppData\Local\Microsoft\WindowsApps;C:\Users\Janiya.Garner\AppData\Local\Programs\Microsoft VS Code\bin;C:\Users\Janiya.Garner\AppData\Local\Programs\Git\cmd;C:\Program Files\protoc\bin;C:\Program Files\apache-maven-3.9.10\bin;
[DEBUG] env.PATHEXT: .COM;.EXE;.BAT;.CMD;.VBS;.VBE;.JS;.JSE;.WSF;.WSH;.MSC;.CPL
[DEBUG] env.PROCESSOR_ARCHITECTURE: AMD64
[DEBUG] env.PROCESSOR_IDENTIFIER: Intel64 Family 6 Model 183 Stepping 1, GenuineIntel
[DEBUG] env.PROCESSOR_LEVEL: 6
[DEBUG] env.PROCESSOR_REVISION: b701
[DEBUG] env.PROGRAMDATA: C:\ProgramData
[DEBUG] env.PROGRAMFILES: C:\Program Files
[DEBUG] env.PROGRAMFILES(X86): C:\Program Files (x86)
[DEBUG] env.PROGRAMW6432: C:\Program Files
[DEBUG] env.PROMPT: $P$G
[DEBUG] env.PSMODULEPATH: C:\Users\Janiya.Garner\Documents\WindowsPowerShell\Modules;C:\Program Files\WindowsPowerShell\Modules;C:\Windows\system32\WindowsPowerShell\v1.0\Modules
[DEBUG] env.PUBLIC: C:\Users\Public
[DEBUG] env.SESSIONNAME: Console
[DEBUG] env.SYSTEMDRIVE: C:
[DEBUG] env.SYSTEMROOT: C:\Windows
[DEBUG] env.TEMP: C:\Users\JANIYA~1.GAR\AppData\Local\Temp
[DEBUG] env.TERM_PROGRAM: vscode
[DEBUG] env.TERM_PROGRAM_VERSION: 1.101.1
[DEBUG] env.TMP: C:\Users\JANIYA~1.GAR\AppData\Local\Temp
[DEBUG] env.USERDOMAIN: PLUSCC39-LEN
[DEBUG] env.USERDOMAIN_ROAMINGPROFILE: PLUSCC39-LEN
[DEBUG] env.USERNAME: Janiya.Garner
[DEBUG] env.USERPROFILE: C:\Users\Janiya.Garner
[DEBUG] env.VSCODE_GIT_ASKPASS_EXTRA_ARGS: 
[DEBUG] env.VSCODE_GIT_ASKPASS_MAIN: c:\Users\Janiya.Garner\AppData\Local\Programs\Microsoft VS Code\resources\app\extensions\git\dist\askpass-main.js
[DEBUG] env.VSCODE_GIT_ASKPASS_NODE: C:\Users\Janiya.Garner\AppData\Local\Programs\Microsoft VS Code\Code.exe
[DEBUG] env.VSCODE_GIT_IPC_HANDLE: \\.\pipe\vscode-git-cc524f8336-sock
[DEBUG] env.VSCODE_INJECTION: 1
[DEBUG] env.WDIR: C:\
[DEBUG] env.WINDIR: C:\Windows
[DEBUG] env.ZES_ENABLE_SYSMAN: 1
[DEBUG] env.__PSLOCKDOWNPOLICY: 0
[DEBUG] file.encoding: UTF-8
[DEBUG] file.separator: \
[DEBUG] java.class.path: C:\Program Files\apache-maven-3.9.10\boot\plexus-classworlds-2.9.0.jar
[DEBUG] java.class.version: 68.0
[DEBUG] java.home: C:\Program Files\Java\jdk-24
[DEBUG] java.io.tmpdir: C:\Users\JANIYA~1.GAR\AppData\Local\Temp\
[DEBUG] java.library.path: C:\Program Files\Java\jdk-24\bin;C:\Windows\Sun\Java\bin;C:\Windows\system32;C:\Windows;C:\Program Files\Common Files\Oracle\Java\javapath;C:\Windows\system32;C:\Windows;C:\Windows\System32\Wbem;C:\Windows\System32\WindowsPowerShell\v1.0\;C:\Windows\System32\OpenSSH\;C:\ProgramData\chocolatey\bin;C:\Program Files\GitHub CLI\;C:\Program Files\dotnet\;C:\Users\Janiya.Garner\AppData\Local\Microsoft\WindowsApps;C:\Users\Janiya.Garner\AppData\Local\Programs\Microsoft VS Code\bin;C:\Users\Janiya.Garner\AppData\Local\Programs\Git\cmd;C:\Program Files\protoc\bin;C:\Program Files\apache-maven-3.9.10\bin;;.
[DEBUG] java.runtime.name: Java(TM) SE Runtime Environment
[DEBUG] java.runtime.version: 24.0.1+9-30
[DEBUG] java.specification.name: Java Platform API Specification
[DEBUG] java.specification.vendor: Oracle Corporation
[DEBUG] java.specification.version: 24
[DEBUG] java.vendor: Oracle Corporation
[DEBUG] java.vendor.url: https://java.oracle.com/
[DEBUG] java.vendor.url.bug: https://bugreport.java.com/bugreport/
[DEBUG] java.version: 24.0.1
[DEBUG] java.version.date: 2025-04-15
[DEBUG] java.vm.compressedOopsMode: Zero based
[DEBUG] java.vm.info: mixed mode, sharing
[DEBUG] java.vm.name: Java HotSpot(TM) 64-Bit Server VM
[DEBUG] java.vm.specification.name: Java Virtual Machine Specification
[DEBUG] java.vm.specification.vendor: Oracle Corporation
[DEBUG] java.vm.specification.version: 24
[DEBUG] java.vm.vendor: Oracle Corporation
[DEBUG] java.vm.version: 24.0.1+9-30
[DEBUG] jdk.debug: release
[DEBUG] library.jansi.path: C:\Program Files\apache-maven-3.9.10\lib\jansi-native
[DEBUG] line.separator: 

[DEBUG] maven.build.timestamp: 2025-06-25T15:51:21Z
[DEBUG] maven.build.version: Apache Maven 3.9.10 (5f519b97e944483d878815739f519b2eade0a91d)
[DEBUG] maven.compiler.source: 1.8
[DEBUG] maven.compiler.target: 1.8
[DEBUG] maven.conf: C:\Program Files\apache-maven-3.9.10/conf
[DEBUG] maven.home: C:\Program Files\apache-maven-3.9.10
[DEBUG] maven.multiModuleProjectDirectory: C:\Users\Janiya.Garner\Work\t4-api-tools
[DEBUG] maven.version: 3.9.10
[DEBUG] native.encoding: Cp1252
[DEBUG] os.arch: amd64
[DEBUG] os.name: Windows 11
[DEBUG] os.version: 10.0
[DEBUG] path.separator: ;
[DEBUG] project.baseUri: file:/C:/Users/Janiya.Garner/Work/t4-api-tools/
[DEBUG] project.build.sourceEncoding: UTF-8
[DEBUG] stderr.encoding: cp437
[DEBUG] stdout.encoding: Cp1252
[DEBUG] sun.arch.data.model: 64
[DEBUG] sun.boot.library.path: C:\Program Files\Java\jdk-24\bin
[DEBUG] sun.cpu.endian: little
[DEBUG] sun.cpu.isalist: amd64
[DEBUG] sun.io.unicode.encoding: UnicodeLittle
[DEBUG] sun.java.command: org.codehaus.plexus.classworlds.launcher.Launcher -X clean compile
[DEBUG] sun.java.launcher: SUN_STANDARD
[DEBUG] sun.jnu.encoding: Cp1252
[DEBUG] sun.management.compiler: HotSpot 64-Bit Tiered Compilers
[DEBUG] sun.os.patch.level: 
[DEBUG] user.country: US
[DEBUG] user.dir: C:\Users\Janiya.Garner\Work\t4-api-tools
[DEBUG] user.home: C:\Users\Janiya.Garner
[DEBUG] user.language: en
[DEBUG] user.name: Janiya.Garner
[DEBUG] user.script: 
[DEBUG] user.variant: 
[DEBUG] Using 'UTF-8' encoding to copy filtered resources.
[DEBUG] Using 'UTF-8' encoding to copy filtered properties files.
[DEBUG] resource with targetPath null
directory C:\Users\Janiya.Garner\Work\t4-api-tools\src\main\resources
excludes []
includes []
[INFO] skip non existing resourceDirectory C:\Users\Janiya.Garner\Work\t4-api-tools\src\main\resources
[DEBUG] no user filter components
[INFO] 
[INFO] --- compiler:3.13.0:compile (default-compile) @ t4-api-client ---
[DEBUG] Using mirror maven-default-http-blocker (http://0.0.0.0/) for apache.snapshots (http://repository.apache.org/snapshots).
[DEBUG] Dependency collection stats {ConflictMarker.analyzeTime=39500, ConflictMarker.markTime=31300, ConflictMarker.nodeCount=22, ConflictIdSorter.graphTime=31200, ConflictIdSorter.topsortTime=10400, ConflictIdSorter.conflictIdCount=14, ConflictIdSorter.conflictIdCycleCount=0, ConflictResolver.totalTime=409300, ConflictResolver.conflictItemCount=22, DfDependencyCollector.collectTime=52685300, DfDependencyCollector.transformTime=536400}
[DEBUG] org.apache.maven.plugins:maven-compiler-plugin:jar:3.13.0
[DEBUG]    org.apache.maven.shared:maven-shared-utils:jar:3.4.2:compile
[DEBUG]       org.slf4j:slf4j-api:jar:1.7.36:compile
[DEBUG]       commons-io:commons-io:jar:2.11.0:compile
[DEBUG]    org.apache.maven.shared:maven-shared-incremental:jar:1.1:compile
[DEBUG]    org.codehaus.plexus:plexus-java:jar:1.2.0:compile
[DEBUG]       org.ow2.asm:asm:jar:9.6:compile
[DEBUG]       com.thoughtworks.qdox:qdox:jar:2.0.3:compile
[DEBUG]    org.codehaus.plexus:plexus-compiler-api:jar:2.15.0:compile
[DEBUG]    org.codehaus.plexus:plexus-compiler-manager:jar:2.15.0:compile
[DEBUG]       javax.inject:javax.inject:jar:1:compile
[DEBUG]       org.codehaus.plexus:plexus-xml:jar:3.0.0:compile (version managed from default)
[DEBUG]    org.codehaus.plexus:plexus-compiler-javac:jar:2.15.0:runtime
[DEBUG]    org.codehaus.plexus:plexus-utils:jar:4.0.0:compile
[DEBUG] Created new class realm plugin>org.apache.maven.plugins:maven-compiler-plugin:3.13.0
[DEBUG] Importing foreign packages into class realm plugin>org.apache.maven.plugins:maven-compiler-plugin:3.13.0
[DEBUG]   Imported:  < maven.api
[DEBUG] Populating class realm plugin>org.apache.maven.plugins:maven-compiler-plugin:3.13.0
[DEBUG]   Included: org.apache.maven.plugins:maven-compiler-plugin:jar:3.13.0
[DEBUG]   Included: org.apache.maven.shared:maven-shared-utils:jar:3.4.2
[DEBUG]   Included: commons-io:commons-io:jar:2.11.0
[DEBUG]   Included: org.apache.maven.shared:maven-shared-incremental:jar:1.1
[DEBUG]   Included: org.codehaus.plexus:plexus-java:jar:1.2.0
[DEBUG]   Included: org.ow2.asm:asm:jar:9.6
[DEBUG]   Included: com.thoughtworks.qdox:qdox:jar:2.0.3
[DEBUG]   Included: org.codehaus.plexus:plexus-compiler-api:jar:2.15.0
[DEBUG]   Included: org.codehaus.plexus:plexus-compiler-manager:jar:2.15.0
[DEBUG]   Included: org.codehaus.plexus:plexus-xml:jar:3.0.0
[DEBUG]   Included: org.codehaus.plexus:plexus-compiler-javac:jar:2.15.0
[DEBUG]   Included: org.codehaus.plexus:plexus-utils:jar:4.0.0
[DEBUG] Loading mojo org.apache.maven.plugins:maven-compiler-plugin:3.13.0:compile from plugin realm ClassRealm[plugin>org.apache.maven.plugins:maven-compiler-plugin:3.13.0, parent: jdk.internal.loader.ClassLoaders$AppClassLoader@1affbebc]
[DEBUG] Configuring mojo execution 'org.apache.maven.plugins:maven-compiler-plugin:3.13.0:compile:default-compile' with basic configurator -->
[DEBUG]   (f) annotationProcessorPathsUseDepMgmt = false
[DEBUG]   (f) basedir = C:\Users\Janiya.Garner\Work\t4-api-tools
[DEBUG]   (f) buildDirectory = C:\Users\Janiya.Garner\Work\t4-api-tools\target
[DEBUG]   (f) compilePath = [C:\Users\Janiya.Garner\Work\t4-api-tools\target\classes, C:\Users\Janiya.Garner\.m2\repository\javax\websocket\javax.websocket-api\1.1\javax.websocket-api-1.1.jar, C:\Users\Janiya.Garner\.m2\repository\org\glassfish\tyrus\bundles\tyrus-standalone-client\1.17\tyrus-standalone-client-1.17.jar, C:\Users\Janiya.Garner\.m2\repository\com\google\protobuf\protobuf-java\3.25.1\protobuf-java-3.25.1.jar]
[DEBUG]   (f) compileSourceRoots = [C:\Users\Janiya.Garner\Work\t4-api-tools\src\main\java]
[DEBUG]   (f) compilerId = javac
[DEBUG]   (f) createMissingPackageInfoClass = true
[DEBUG]   (f) debug = true
[DEBUG]   (f) debugFileName = javac
[DEBUG]   (f) enablePreview = false
[DEBUG]   (f) encoding = UTF-8
[DEBUG]   (f) failOnError = true
[DEBUG]   (f) failOnWarning = false
[DEBUG]   (f) fileExtensions = [jar, class]
[DEBUG]   (f) forceJavacCompilerUse = false
[DEBUG]   (f) forceLegacyJavacApi = false
[DEBUG]   (f) fork = false
[DEBUG]   (f) generatedSourcesDirectory = C:\Users\Janiya.Garner\Work\t4-api-tools\target\generated-sources\annotations
[DEBUG]   (f) mojoExecution = org.apache.maven.plugins:maven-compiler-plugin:3.13.0:compile {execution: default-compile}
[DEBUG]   (f) optimize = false
[DEBUG]   (f) outputDirectory = C:\Users\Janiya.Garner\Work\t4-api-tools\target\classes
[DEBUG]   (f) parameters = false
[DEBUG]   (f) project = MavenProject: com.t4:t4-api-client:1.0-SNAPSHOT @ C:\Users\Janiya.Garner\Work\t4-api-tools\pom.xml
[DEBUG]   (f) projectArtifact = com.t4:t4-api-client:jar:1.0-SNAPSHOT
[DEBUG]   (f) session = org.apache.maven.execution.MavenSession@5fac521d
[DEBUG]   (f) showCompilationChanges = false
[DEBUG]   (f) showDeprecation = false
[DEBUG]   (f) showWarnings = true
[DEBUG]   (f) skipMultiThreadWarning = false
[DEBUG]   (f) source = 1.8
[DEBUG]   (f) staleMillis = 0
[DEBUG]   (s) target = 1.8
[DEBUG]   (f) useIncrementalCompilation = true
[DEBUG]   (f) verbose = false
[DEBUG] -- end configuration --
[DEBUG] Using compiler 'javac'.
[DEBUG] Adding C:\Users\Janiya.Garner\Work\t4-api-tools\target\generated-sources\annotations to compile source roots:
  C:\Users\Janiya.Garner\Work\t4-api-tools\src\main\java
[DEBUG] New compile source roots:
  C:\Users\Janiya.Garner\Work\t4-api-tools\src\main\java
  C:\Users\Janiya.Garner\Work\t4-api-tools\target\generated-sources\annotations
[DEBUG] CompilerReuseStrategy: reuseCreated
[DEBUG] useIncrementalCompilation enabled
[INFO] 	Stale source detected: C:\Users\Janiya.Garner\Work\t4-api-tools\src\main\java\T4APIClient.java
[INFO] 	Input tree files (+): C:\Users\Janiya.Garner\Work\t4-api-tools\src\main\java\T4APIClient.java
[INFO] Recompiling the module because of changed source code.
[DEBUG] Classpath:
[DEBUG]  C:\Users\Janiya.Garner\Work\t4-api-tools\target\classes
[DEBUG]  C:\Users\Janiya.Garner\.m2\repository\javax\websocket\javax.websocket-api\1.1\javax.websocket-api-1.1.jar
[DEBUG]  C:\Users\Janiya.Garner\.m2\repository\org\glassfish\tyrus\bundles\tyrus-standalone-client\1.17\tyrus-standalone-client-1.17.jar
[DEBUG]  C:\Users\Janiya.Garner\.m2\repository\com\google\protobuf\protobuf-java\3.25.1\protobuf-java-3.25.1.jar
[DEBUG] Source roots:
[DEBUG]  C:\Users\Janiya.Garner\Work\t4-api-tools\src\main\java
[DEBUG]  C:\Users\Janiya.Garner\Work\t4-api-tools\target\generated-sources\annotations
[DEBUG] Command line options:
[DEBUG] -d C:\Users\Janiya.Garner\Work\t4-api-tools\target\classes -classpath C:\Users\Janiya.Garner\Work\t4-api-tools\target\classes;C:\Users\Janiya.Garner\.m2\repository\javax\websocket\javax.websocket-api\1.1\javax.websocket-api-1.1.jar;C:\Users\Janiya.Garner\.m2\repository\org\glassfish\tyrus\bundles\tyrus-standalone-client\1.17\tyrus-standalone-client-1.17.jar;C:\Users\Janiya.Garner\.m2\repository\com\google\protobuf\protobuf-java\3.25.1\protobuf-java-3.25.1.jar; -sourcepath C:\Users\Janiya.Garner\Work\t4-api-tools\src\main\java;C:\Users\Janiya.Garner\Work\t4-api-tools\target\generated-sources\annotations; -s C:\Users\Janiya.Garner\Work\t4-api-tools\target\generated-sources\annotations -g -target 1.8 -source 1.8 -encoding UTF-8 -XDuseUnsharedTable=true
[DEBUG] incrementalBuildHelper#beforeRebuildExecution
[INFO] Compiling 1 source file with javac [debug target 1.8] to target\classes
[DEBUG] incrementalBuildHelper#afterRebuildExecution
[INFO] -------------------------------------------------------------
[WARNING] COMPILATION WARNING : 
[INFO] -------------------------------------------------------------
[WARNING] bootstrap class path is not set in conjunction with -source 8
  not setting the bootstrap class path may lead to class files that cannot run on JDK 8
    --release 8 is recommended instead of -source 8 -target 1.8 because it sets the bootstrap class path automatically
[WARNING] source value 8 is obsolete and will be removed in a future release
[WARNING] target value 8 is obsolete and will be removed in a future release
[WARNING] To suppress warnings about obsolete options, use -Xlint:-options.
[INFO] 4 warnings 
[INFO] -------------------------------------------------------------
[INFO] -------------------------------------------------------------
[ERROR] COMPILATION ERROR : 
[INFO] -------------------------------------------------------------
[ERROR] /C:/Users/Janiya.Garner/Work/t4-api-tools/src/main/java/T4APIClient.java:[13,28] package t4proto.v1.auth does not exist
[ERROR] /C:/Users/Janiya.Garner/Work/t4-api-tools/src/main/java/T4APIClient.java:[98,10] cannot find symbol
  symbol:   class onOpen
  location: class T4APIClient
[ERROR] /C:/Users/Janiya.Garner/Work/t4-api-tools/src/main/java/T4APIClient.java:[104,10] cannot find symbol
  symbol:   class onMessage
  location: class T4APIClient
[ERROR] /C:/Users/Janiya.Garner/Work/t4-api-tools/src/main/java/T4APIClient.java:[110,10] cannot find symbol
  symbol:   class onError
  location: class T4APIClient
[ERROR] /C:/Users/Janiya.Garner/Work/t4-api-tools/src/main/java/T4APIClient.java:[117,10] cannot find symbol
  symbol:   class onClose
  location: class T4APIClient
[ERROR] /C:/Users/Janiya.Garner/Work/t4-api-tools/src/main/java/T4APIClient.java:[35,22] cannot find symbol
  symbol:   variable T4_CONFIG
  location: class T4APIClient
[ERROR] /C:/Users/Janiya.Garner/Work/t4-api-tools/src/main/java/T4APIClient.java:[36,23] cannot find symbol
  symbol:   variable T4_CONFIG
  location: class T4APIClient
[ERROR] /C:/Users/Janiya.Garner/Work/t4-api-tools/src/main/java/T4APIClient.java:[37,22] cannot find symbol
  symbol:   variable T4_CONFIG
  location: class T4APIClient
[ERROR] /C:/Users/Janiya.Garner/Work/t4-api-tools/src/main/java/T4APIClient.java:[38,21] cannot find symbol
  symbol:   variable T4_CONFIG
  location: class T4APIClient
[ERROR] /C:/Users/Janiya.Garner/Work/t4-api-tools/src/main/java/T4APIClient.java:[39,25] cannot find symbol
  symbol:   variable T4_CONFIG
  location: class T4APIClient
[ERROR] /C:/Users/Janiya.Garner/Work/t4-api-tools/src/main/java/T4APIClient.java:[40,25] cannot find symbol
  symbol:   variable T4_CONFIG
  location: class T4APIClient
[ERROR] /C:/Users/Janiya.Garner/Work/t4-api-tools/src/main/java/T4APIClient.java:[41,24] cannot find symbol
  symbol:   variable T4_CONFIG
  location: class T4APIClient
[ERROR] /C:/Users/Janiya.Garner/Work/t4-api-tools/src/main/java/T4APIClient.java:[42,27] cannot find symbol
  symbol:   variable T4_CONFIG
  location: class T4APIClient
[ERROR] /C:/Users/Janiya.Garner/Work/t4-api-tools/src/main/java/T4APIClient.java:[43,28] cannot find symbol
  symbol:   variable T4_CONFIG
  location: class T4APIClient
[ERROR] /C:/Users/Janiya.Garner/Work/t4-api-tools/src/main/java/T4APIClient.java:[46,29] cannot find symbol
  symbol:   variable T4_CONFIG
  location: class T4APIClient
[ERROR] /C:/Users/Janiya.Garner/Work/t4-api-tools/src/main/java/T4APIClient.java:[47,29] cannot find symbol
  symbol:   variable T4_CONFIG
  location: class T4APIClient
[ERROR] /C:/Users/Janiya.Garner/Work/t4-api-tools/src/main/java/T4APIClient.java:[126,61] cannot find symbol
  symbol:   method getWebsocketContainer()
  location: class javax.websocket.ContainerProvider
[INFO] 17 errors 
[INFO] -------------------------------------------------------------
[INFO] ------------------------------------------------------------------------
[INFO] BUILD FAILURE
[INFO] ------------------------------------------------------------------------
[INFO] Total time:  0.920 s
[INFO] Finished at: 2025-06-25T10:51:22-05:00
[INFO] ------------------------------------------------------------------------
[ERROR] Failed to execute goal org.apache.maven.plugins:maven-compiler-plugin:3.13.0:compile (default-compile) on project t4-api-client: Compilation failure: Compilation failure: 
[ERROR] /C:/Users/Janiya.Garner/Work/t4-api-tools/src/main/java/T4APIClient.java:[13,28] package t4proto.v1.auth does not exist
[ERROR] /C:/Users/Janiya.Garner/Work/t4-api-tools/src/main/java/T4APIClient.java:[98,10] cannot find symbol
[ERROR]   symbol:   class onOpen
[ERROR]   location: class T4APIClient
[ERROR] /C:/Users/Janiya.Garner/Work/t4-api-tools/src/main/java/T4APIClient.java:[104,10] cannot find symbol
[ERROR]   symbol:   class onMessage
[ERROR]   location: class T4APIClient
[ERROR] /C:/Users/Janiya.Garner/Work/t4-api-tools/src/main/java/T4APIClient.java:[110,10] cannot find symbol
[ERROR]   symbol:   class onError
[ERROR]   location: class T4APIClient
[ERROR] /C:/Users/Janiya.Garner/Work/t4-api-tools/src/main/java/T4APIClient.java:[117,10] cannot find symbol
[ERROR]   symbol:   class onClose
[ERROR]   location: class T4APIClient
[ERROR] /C:/Users/Janiya.Garner/Work/t4-api-tools/src/main/java/T4APIClient.java:[35,22] cannot find symbol
[ERROR]   symbol:   variable T4_CONFIG
[ERROR]   location: class T4APIClient
[ERROR] /C:/Users/Janiya.Garner/Work/t4-api-tools/src/main/java/T4APIClient.java:[36,23] cannot find symbol
[ERROR]   symbol:   variable T4_CONFIG
[ERROR]   location: class T4APIClient
[ERROR] /C:/Users/Janiya.Garner/Work/t4-api-tools/src/main/java/T4APIClient.java:[37,22] cannot find symbol
[ERROR]   symbol:   variable T4_CONFIG
[ERROR]   location: class T4APIClient
[ERROR] /C:/Users/Janiya.Garner/Work/t4-api-tools/src/main/java/T4APIClient.java:[38,21] cannot find symbol
[ERROR]   symbol:   variable T4_CONFIG
[ERROR]   location: class T4APIClient
[ERROR] /C:/Users/Janiya.Garner/Work/t4-api-tools/src/main/java/T4APIClient.java:[39,25] cannot find symbol
[ERROR]   symbol:   variable T4_CONFIG
[ERROR]   location: class T4APIClient
[ERROR] /C:/Users/Janiya.Garner/Work/t4-api-tools/src/main/java/T4APIClient.java:[40,25] cannot find symbol
[ERROR]   symbol:   variable T4_CONFIG
[ERROR]   location: class T4APIClient
[ERROR] /C:/Users/Janiya.Garner/Work/t4-api-tools/src/main/java/T4APIClient.java:[41,24] cannot find symbol
[ERROR]   symbol:   variable T4_CONFIG
[ERROR]   location: class T4APIClient
[ERROR] /C:/Users/Janiya.Garner/Work/t4-api-tools/src/main/java/T4APIClient.java:[42,27] cannot find symbol
[ERROR]   symbol:   variable T4_CONFIG
[ERROR]   location: class T4APIClient
[ERROR] /C:/Users/Janiya.Garner/Work/t4-api-tools/src/main/java/T4APIClient.java:[43,28] cannot find symbol
[ERROR]   symbol:   variable T4_CONFIG
[ERROR]   location: class T4APIClient
[ERROR] /C:/Users/Janiya.Garner/Work/t4-api-tools/src/main/java/T4APIClient.java:[46,29] cannot find symbol
[ERROR]   symbol:   variable T4_CONFIG
[ERROR]   location: class T4APIClient
[ERROR] /C:/Users/Janiya.Garner/Work/t4-api-tools/src/main/java/T4APIClient.java:[47,29] cannot find symbol
[ERROR]   symbol:   variable T4_CONFIG
[ERROR]   location: class T4APIClient
[ERROR] /C:/Users/Janiya.Garner/Work/t4-api-tools/src/main/java/T4APIClient.java:[126,61] cannot find symbol
[ERROR]   symbol:   method getWebsocketContainer()
[ERROR]   location: class javax.websocket.ContainerProvider
[ERROR] -> [Help 1]
org.apache.maven.lifecycle.LifecycleExecutionException: Failed to execute goal org.apache.maven.plugins:maven-compiler-plugin:3.13.0:compile (default-compile) on project t4-api-client: Compilation failure
    at org.apache.maven.lifecycle.internal.MojoExecutor.doExecute2 (MojoExecutor.java:333)
    at org.apache.maven.lifecycle.internal.MojoExecutor.doExecute (MojoExecutor.java:316)
    at org.apache.maven.lifecycle.internal.MojoExecutor.execute (MojoExecutor.java:212)
    at org.apache.maven.lifecycle.internal.MojoExecutor.execute (MojoExecutor.java:174)
    at org.apache.maven.lifecycle.internal.MojoExecutor.access$000 (MojoExecutor.java:75)
    at org.apache.maven.lifecycle.internal.MojoExecutor$1.run (MojoExecutor.java:162)
    at org.apache.maven.plugin.DefaultMojosExecutionStrategy.execute (DefaultMojosExecutionStrategy.java:39)
    at org.apache.maven.lifecycle.internal.MojoExecutor.execute (MojoExecutor.java:159)
    at org.apache.maven.lifecycle.internal.LifecycleModuleBuilder.buildProject (LifecycleModuleBuilder.java:105)
    at org.apache.maven.lifecycle.internal.LifecycleModuleBuilder.buildProject (LifecycleModuleBuilder.java:73)
    at org.apache.maven.lifecycle.internal.builder.singlethreaded.SingleThreadedBuilder.build (SingleThreadedBuilder.java:53)
    at org.apache.maven.lifecycle.internal.LifecycleStarter.execute (LifecycleStarter.java:118)
    at org.apache.maven.DefaultMaven.doExecute (DefaultMaven.java:261)
    at org.apache.maven.DefaultMaven.doExecute (DefaultMaven.java:173)
    at org.apache.maven.DefaultMaven.execute (DefaultMaven.java:101)
    at org.apache.maven.cli.MavenCli.execute (MavenCli.java:906)
    at org.apache.maven.cli.MavenCli.doMain (MavenCli.java:283)
    at org.apache.maven.cli.MavenCli.main (MavenCli.java:206)
    at jdk.internal.reflect.DirectMethodHandleAccessor.invoke (DirectMethodHandleAccessor.java:104)
    at java.lang.reflect.Method.invoke (Method.java:565)
    at org.codehaus.plexus.classworlds.launcher.Launcher.launchEnhanced (Launcher.java:255)
    at org.codehaus.plexus.classworlds.launcher.Launcher.launch (Launcher.java:201)
    at org.codehaus.plexus.classworlds.launcher.Launcher.mainWithExitCode (Launcher.java:361)
    at org.codehaus.plexus.classworlds.launcher.Launcher.main (Launcher.java:314)
Caused by: org.apache.maven.plugin.compiler.CompilationFailureException: Compilation failure
    at org.apache.maven.plugin.compiler.AbstractCompilerMojo.execute (AbstractCompilerMojo.java:1309)
    at org.apache.maven.plugin.compiler.CompilerMojo.execute (CompilerMojo.java:215)
    at org.apache.maven.plugin.DefaultBuildPluginManager.executeMojo (DefaultBuildPluginManager.java:126)
    at org.apache.maven.lifecycle.internal.MojoExecutor.doExecute2 (MojoExecutor.java:328)
    at org.apache.maven.lifecycle.internal.MojoExecutor.doExecute (MojoExecutor.java:316)
    at org.apache.maven.lifecycle.internal.MojoExecutor.execute (MojoExecutor.java:212)
    at org.apache.maven.lifecycle.internal.MojoExecutor.execute (MojoExecutor.java:174)
    at org.apache.maven.lifecycle.internal.MojoExecutor.access$000 (MojoExecutor.java:75)
    at org.apache.maven.lifecycle.internal.MojoExecutor$1.run (MojoExecutor.java:162)
    at org.apache.maven.plugin.DefaultMojosExecutionStrategy.execute (DefaultMojosExecutionStrategy.java:39)
    at org.apache.maven.lifecycle.internal.MojoExecutor.execute (MojoExecutor.java:159)
    at org.apache.maven.lifecycle.internal.LifecycleModuleBuilder.buildProject (LifecycleModuleBuilder.java:105)
    at org.apache.maven.lifecycle.internal.LifecycleModuleBuilder.buildProject (LifecycleModuleBuilder.java:73)
    at org.apache.maven.lifecycle.internal.builder.singlethreaded.SingleThreadedBuilder.build (SingleThreadedBuilder.java:53)
    at org.apache.maven.lifecycle.internal.LifecycleStarter.execute (LifecycleStarter.java:118)
    at org.apache.maven.DefaultMaven.doExecute (DefaultMaven.java:261)
    at org.apache.maven.DefaultMaven.doExecute (DefaultMaven.java:173)
    at org.apache.maven.DefaultMaven.execute (DefaultMaven.java:101)
    at org.apache.maven.cli.MavenCli.execute (MavenCli.java:906)
    at org.apache.maven.cli.MavenCli.doMain (MavenCli.java:283)
    at org.apache.maven.cli.MavenCli.main (MavenCli.java:206)
    at jdk.internal.reflect.DirectMethodHandleAccessor.invoke (DirectMethodHandleAccessor.java:104)
    at java.lang.reflect.Method.invoke (Method.java:565)
    at org.codehaus.plexus.classworlds.launcher.Launcher.launchEnhanced (Launcher.java:255)
    at org.codehaus.plexus.classworlds.launcher.Launcher.launch (Launcher.java:201)
    at org.codehaus.plexus.classworlds.launcher.Launcher.mainWithExitCode (Launcher.java:361)
    at org.codehaus.plexus.classworlds.launcher.Launcher.main (Launcher.java:314)
[ERROR] 
[ERROR] 
[ERROR] For more information about the errors and possible solutions, please read the following articles:
[ERROR] [Help 1] http://cwiki.apache.org/confluence/display/MAVEN/MojoFailureException
[DEBUG] Shutting down adapter factory; available factories [file-lock, rwlock-local, semaphore-local, noop]; available name mappers [discriminating, file-gav, file-hgav, file-static, gav, static]
[DEBUG] Shutting down 'file-lock' factory
[DEBUG] Shutting down 'rwlock-local' factory
[DEBUG] Shutting down 'semaphore-local' factory
[DEBUG] Shutting down 'noop' factory
